../Core/Src/main.c:119:6:microDelay	0	static
../Core/Src/main.c:125:9:DHT11_Start	40	static
../Core/Src/main.c:162:9:DHT11_Read	24	static
../Core/Src/main.c:179:6:ReadAllSensors	32	static
../Core/Src/main.c:234:6:ControlIndicators	8	static
../Core/Src/main.c:253:6:ShowBootScreen	8	static
../Core/Src/main.c:274:6:UpdateDisplay	32	static
../Core/Src/main.c:534:6:SystemClock_Config	72	static,ignoring_inline_asm
../Core/Src/main.c:442:5:main	80	static,ignoring_inline_asm
../Core/Src/main.c:739:6:Error_Handler	0	static,ignoring_inline_asm
