../Core/Src/main.c:119:6:microDelay	16	static
../Core/Src/main.c:125:9:DHT11_Start	32	static
../Core/Src/main.c:162:9:DHT11_Read	16	static
../Core/Src/main.c:179:6:ReadAllSensors	16	static
../Core/Src/main.c:234:6:ControlIndicators	8	static
../Core/Src/main.c:253:6:ShowBootScreen	8	static
../Core/Src/main.c:274:6:UpdateDisplay	32	static
../Core/Src/main.c:442:5:main	32	static
../Core/Src/main.c:534:6:SystemClock_Config	72	static
../Core/Src/main.c:574:13:MX_I2C1_Init	8	static
../Core/Src/main.c:608:13:MX_TIM1_Init	32	static
../Core/Src/main.c:654:13:MX_GPIO_Init	40	static
../Core/Src/main.c:739:6:Error_Handler	4	static,ignoring_inline_asm
