../Core/Src/main.c:119:6:microDelay	2
../Core/Src/main.c:125:9:DHT11_Start	10
../Core/Src/main.c:162:9:DHT11_Read	7
../Core/Src/main.c:179:6:ReadAllSensors	12
../Core/Src/main.c:234:6:ControlIndicators	4
../Core/Src/main.c:253:6:ShowBootScreen	1
../Core/Src/main.c:274:6:UpdateDisplay	27
../Core/Src/main.c:442:5:main	2
../Core/Src/main.c:534:6:SystemClock_Config	3
../Core/Src/main.c:574:13:MX_I2C1_Init	2
../Core/Src/main.c:608:13:MX_TIM1_Init	4
../Core/Src/main.c:654:13:MX_GPIO_Init	1
../Core/Src/main.c:739:6:Error_Handler	1
